// Jest Snapshot v1, https://goo.gl/fbAQLP

exports[`Testing Element Audio-Video component Testing Element  component with props render Element component  1`] = `
<ElementAudioVideo
  model={[Function]}
  type="figure"
>
  <div
    className="figureElement"
  />
</ElementAudioVideo>
`;
